// Jest Snapshot v1, https://goo.gl/fbAQLP

exports[`TitleFormControl should match snapshot 1`] = `
<div>
  <div
    class="chakra-form-control css-8atqhb"
    role="group"
  >
    <label
      class="chakra-form__label css-xgxc5v"
      for="title-input"
      id="field-1-label"
    >
      Title:
      <span
        aria-hidden="true"
        class="chakra-form__required-indicator css-0"
        role="presentation"
      >
        *
      </span>
    </label>
    <div
      class="chakra-input__group css-1pp672a"
    >
      <input
        aria-required="true"
        class="chakra-input css-t3bif"
        data-testid="input"
        id="title-input"
        name="test-name"
        placeholder="Ex. Books for children"
        required=""
        spellcheck="true"
        value="test-name"
      />
    </div>
  </div>
</div>
`;
