// Jest Snapshot v1, https://goo.gl/fbAQLP

exports[`FormControl should match snapshot 1`] = `
<div>
  <div
    class="chakra-form-control css-8atqhb"
    role="group"
  >
    <label
      class="chakra-form__label css-xgxc5v"
      for="test-id"
      id="field-1-label"
    >
      test-label
      <span
        aria-hidden="true"
        class="chakra-form__required-indicator css-0"
        role="presentation"
      >
        *
      </span>
    </label>
  </div>
</div>
`;
