// Jest Snapshot v1, https://goo.gl/fbAQLP

exports[`ItemsList should match snapshot 1`] = `
<div>
  <div
    class="css-ugh95v"
  >
    <div
      class="css-16nnvdh"
      data-testid="item"
    >
      <div
        class="css-qu5wq6"
      >
        <div
          class="css-n580hg"
        >
          <span
            style="box-sizing: border-box; display: block; overflow: hidden; background: none; opacity: 1; border: 0px; margin: 0px; padding: 0px; position: relative;"
          >
            <span
              style="box-sizing: border-box; display: block; background: none; opacity: 1; border: 0px; margin: 0px; padding: 100% 0px 0px 0px;"
            />
            <img
              alt="Item 1"
              data-nimg="responsive"
              decoding="async"
              draggable="false"
              src="data:image/gif;base64,R0lGODlhAQABAIAAAAAAAP///yH5BAEAAAAALAAAAAABAAEAAAIBRAA7"
              style="position: absolute; top: 0px; left: 0px; bottom: 0px; right: 0px; box-sizing: border-box; padding: 0px; margin: auto; display: block; width: 0px; height: 0px; min-width: 100%; max-width: 100%; min-height: 100%; max-height: 100%; object-fit: cover;"
            />
            <noscript />
          </span>
        </div>
        <div
          class="css-c5zn1r"
        >
          <span
            class="chakra-text css-inmt5s"
            data-testid="typography"
          >
            Item 1
          </span>
          <div
            class="css-8xl60i"
          >
            <span
              class="chakra-text css-1ysmetk"
              data-testid="typography"
            >
              Added on: 
            </span>
          </div>
        </div>
      </div>
    </div>
    <div
      class="css-16nnvdh"
      data-testid="item"
    >
      <div
        class="css-qu5wq6"
      >
        <div
          class="css-n580hg"
        >
          <span
            style="box-sizing: border-box; display: block; overflow: hidden; background: none; opacity: 1; border: 0px; margin: 0px; padding: 0px; position: relative;"
          >
            <span
              style="box-sizing: border-box; display: block; background: none; opacity: 1; border: 0px; margin: 0px; padding: 100% 0px 0px 0px;"
            />
            <img
              alt="Item 2"
              data-nimg="responsive"
              decoding="async"
              draggable="false"
              src="data:image/gif;base64,R0lGODlhAQABAIAAAAAAAP///yH5BAEAAAAALAAAAAABAAEAAAIBRAA7"
              style="position: absolute; top: 0px; left: 0px; bottom: 0px; right: 0px; box-sizing: border-box; padding: 0px; margin: auto; display: block; width: 0px; height: 0px; min-width: 100%; max-width: 100%; min-height: 100%; max-height: 100%; object-fit: cover;"
            />
            <noscript />
          </span>
        </div>
        <div
          class="css-c5zn1r"
        >
          <span
            class="chakra-text css-inmt5s"
            data-testid="typography"
          >
            Item 2
          </span>
          <div
            class="css-8xl60i"
          >
            <span
              class="chakra-text css-1ysmetk"
              data-testid="typography"
            >
              Added on: 
            </span>
          </div>
        </div>
      </div>
    </div>
    <div
      class="css-16nnvdh"
      data-testid="item"
    >
      <div
        class="css-qu5wq6"
      >
        <div
          class="css-n580hg"
        >
          <span
            style="box-sizing: border-box; display: block; overflow: hidden; background: none; opacity: 1; border: 0px; margin: 0px; padding: 0px; position: relative;"
          >
            <span
              style="box-sizing: border-box; display: block; background: none; opacity: 1; border: 0px; margin: 0px; padding: 100% 0px 0px 0px;"
            />
            <img
              alt="Item 3"
              data-nimg="responsive"
              decoding="async"
              draggable="false"
              src="data:image/gif;base64,R0lGODlhAQABAIAAAAAAAP///yH5BAEAAAAALAAAAAABAAEAAAIBRAA7"
              style="position: absolute; top: 0px; left: 0px; bottom: 0px; right: 0px; box-sizing: border-box; padding: 0px; margin: auto; display: block; width: 0px; height: 0px; min-width: 100%; max-width: 100%; min-height: 100%; max-height: 100%; object-fit: cover;"
            />
            <noscript />
          </span>
        </div>
        <div
          class="css-c5zn1r"
        >
          <span
            class="chakra-text css-inmt5s"
            data-testid="typography"
          >
            Item 3
          </span>
          <div
            class="css-8xl60i"
          >
            <span
              class="chakra-text css-1ysmetk"
              data-testid="typography"
            >
              Added on: 
            </span>
          </div>
        </div>
      </div>
    </div>
  </div>
</div>
`;
