// Jest Snapshot v1, https://goo.gl/fbAQLP

exports[`Input should match snapshot 1`] = `
<div>
  <div
    class="chakra-input__group css-17gmcos"
  >
    <input
      class="chakra-input css-15f3i37"
      data-testid="input"
      id="input-id"
      name="input-name"
      placeholder="input-placeholder"
      value="input-value"
    />
  </div>
</div>
`;
