// Jest Snapshot v1, https://goo.gl/fbAQLP

exports[`SortingDropdown should match snapshot 1`] = `
<div>
  <div
    class="css-13dls4l"
  >
    <div
      class="css-13n1q9m"
    >
      <span
        class="chakra-text css-q4il9g"
        data-testid="typography"
      >
        Sort by:
      </span>
      <div
        class="chakra-select__wrapper css-yumodq"
      >
        <select
          class="chakra-select css-1iot0zm"
          data-testid="dropdown"
          id="sorting-dropdown"
          name="sorting-dropdown-test-name"
        />
        <div
          class="chakra-select__icon-wrapper css-6fsspc"
        >
          <svg
            aria-hidden="true"
            class="chakra-select__icon"
            focusable="false"
            role="presentation"
            style="width: 1em; height: 1em; color: currentColor;"
            viewBox="0 0 24 24"
          >
            <path
              d="M16.59 8.59L12 13.17 7.41 8.59 6 10l6 6 6-6z"
              fill="currentColor"
            />
          </svg>
        </div>
      </div>
    </div>
  </div>
</div>
`;
