// Jest Snapshot v1, https://goo.gl/fbAQLP

exports[`DescriptionFormControl should match snapshot 1`] = `
<div>
  <div
    class="chakra-form-control css-8atqhb"
    role="group"
  >
    <label
      class="chakra-form__label css-xgxc5v"
      for="description-input"
      id="field-1-label"
    >
      Description:
      <span
        aria-hidden="true"
        class="chakra-form__required-indicator css-0"
        role="presentation"
      >
        *
      </span>
    </label>
    <textarea
      aria-required="true"
      class="chakra-textarea css-aky5ro"
      data-testid="textarea"
      id="description-input"
      name="test-name"
      placeholder="Be as detailed as you wish others were!"
      required=""
      rows="10"
    >
      test-name
    </textarea>
  </div>
</div>
`;
