// Jest Snapshot v1, https://goo.gl/fbAQLP

exports[`ButtonContainer should match snapshot 1`] = `
<div>
  <div
    class="css-1hoplt2"
  >
    <button
      class="chakra-button css-1k5bbcq"
      data-testid="button-primary"
      type="reset"
    >
      <span
        class="chakra-button__icon css-1wh2kri"
      >
        <svg
          aria-hidden="true"
          fill="currentColor"
          focusable="false"
          font-size="larger"
          height="1em"
          stroke="currentColor"
          stroke-width="0"
          viewBox="0 0 24 24"
          width="1em"
          xmlns="http://www.w3.org/2000/svg"
        >
          <path
            d="M20,8 C18.5974037,5.04031171 15.536972,3 12,3 C7.02943725,3 3,7.02943725 3,12 C3,16.9705627 7.02943725,21 12,21 L12,21 C16.9705627,21 21,16.9705627 21,12 M21,3 L21,9 L15,9"
            fill="none"
            stroke="#000"
            stroke-width="2"
          />
        </svg>
      </span>
      <span
        class="chakra-text css-1gflqot"
        data-testid="typography"
      >
        reset
      </span>
    </button>
    <button
      class="chakra-button css-1k5bbcq"
      data-testid="button-primary"
      type="submit"
    >
      <span
        class="chakra-button__icon css-1wh2kri"
      >
        <svg
          aria-hidden="true"
          fill="currentColor"
          focusable="false"
          font-size="larger"
          height="1em"
          stroke="currentColor"
          stroke-width="0"
          viewBox="0 0 24 24"
          width="1em"
          xmlns="http://www.w3.org/2000/svg"
        >
          <path
            d="M22,3 L2,11 L20.5,19 L22,3 Z M10,20.5 L13,16 M15.5,9.5 L9,14 L9.85884537,20.0119176 C9.93680292,20.5576204 10.0751625,20.5490248 10.1651297,20.009222 L11,15 L15.5,9.5 Z"
            fill="none"
            stroke="#000"
            stroke-width="2"
          />
        </svg>
      </span>
      <span
        class="chakra-text css-1gflqot"
        data-testid="typography"
      >
        submit
      </span>
    </button>
  </div>
</div>
`;
